// Jest Snapshot v1, https://goo.gl/fbAQLP

exports[`GameBoard renders 1`] = `
<div>
  <div
    class="col-numbers"
  >
    <div>
      0
    </div>
    <div>
      1
    </div>
    <div>
      2
    </div>
  </div>
  <div
    class="row-numbers-and-board"
  >
    <div
      class="row-numbers"
    >
      <div>
        0
      </div>
      <div>
        1
      </div>
      <div>
        2
      </div>
    </div>
    <table
      class="board"
    >
      <tbody
        id="board"
      >
        <tr>
          <td
            class="cell"
            id="00"
          >
            x
          </td>
          <td
            class="cell"
            id="01"
          >
            o
          </td>
          <td
            class="cell"
            id="02"
          />
        </tr>
        <tr>
          <td
            class="cell"
            id="10"
          />
          <td
            class="cell"
            id="11"
          />
          <td
            class="cell"
            id="12"
          />
        </tr>
        <tr>
          <td
            class="cell"
            id="20"
          />
          <td
            class="cell"
            id="21"
          />
          <td
            class="cell"
            id="22"
          />
        </tr>
      </tbody>
    </table>
  </div>
</div>
`;
